// Jest Snapshot v1, https://goo.gl/fbAQLP

exports[`Todo render 1`] = `
<div
  className="app"
>
  <div
    className="title"
  >
    What to do
    <input
      onChange={[Function]}
      onKeyDown={[Function]}
      placeholder="Write something to do"
      type="text"
      value=""
    />
  </div>
  <div
    className="tasks"
  />
  <div
    className="footer"
  >
    0 tasks
  </div>
</div>
`;
